// Vitest Snapshot v1, https://vitest.dev/guide/snapshot.html

exports[`MyAwesomeApp > should match snapshot 1`] = `
<div>
  <h1
    data-testid="first-name-title"
  >
    Costa
  </h1>
  <h2>
    Mar√≠a Eugenia
  </h2>
  <p>
    puzzles, mandalas
  </p>
  <p>
    Active
  </p>
  <p
    style="background-color: rgb(250, 250, 250); border-radius: 12px; padding: 8px;"
  >
     
    {"zipCode":"ABD-123","country":"Spain"}
     
  </p>
</div>
`;
